// Jest Snapshot v1, https://goo.gl/fbAQLP

exports[`Test on GiftGridItem Component should Match With Snapshot GiftGridItem Correctly 1`] = `
<div
  className="card animate__animated animate__bounce"
>
  <img />
  <p>
     
     
  </p>
</div>
`;
